// Jest Snapshot v1, https://goo.gl/fbAQLP

exports[`Snapshot Test 1`] = `
Object {
  "Outputs": Object {
    "ApiEndpoint4F160690": Object {
      "Value": Object {
        "Fn::Join": Array [
          "",
          Array [
            "https://",
            Object {
              "Ref": "ApiF70053CD",
            },
            ".execute-api.ap-northeast-1.",
            Object {
              "Ref": "AWS::URLSuffix",
            },
            "/",
            Object {
              "Ref": "ApiDeploymentStageprod3EB9684E",
            },
            "/",
          ],
        ],
      },
    },
  },
  "Parameters": Object {
    "AssetParameters220fbe5d525188cf85678de1c32d54c7d09779130a54c8c6f84f8763edbfd3f2ArtifactHash6ED2FFE8": Object {
      "Description": "Artifact hash for asset \\"220fbe5d525188cf85678de1c32d54c7d09779130a54c8c6f84f8763edbfd3f2\\"",
      "Type": "String",
    },
    "AssetParameters220fbe5d525188cf85678de1c32d54c7d09779130a54c8c6f84f8763edbfd3f2S3Bucket1C935D62": Object {
      "Description": "S3 bucket for asset \\"220fbe5d525188cf85678de1c32d54c7d09779130a54c8c6f84f8763edbfd3f2\\"",
      "Type": "String",
    },
    "AssetParameters220fbe5d525188cf85678de1c32d54c7d09779130a54c8c6f84f8763edbfd3f2S3VersionKey9CD467DD": Object {
      "Description": "S3 key for asset version \\"220fbe5d525188cf85678de1c32d54c7d09779130a54c8c6f84f8763edbfd3f2\\"",
      "Type": "String",
    },
    "AssetParametersadb7572fdef6fa8a04e059a7c377c0a86161b1e6ba63d9196948fb0401495e01ArtifactHash2672A099": Object {
      "Description": "Artifact hash for asset \\"adb7572fdef6fa8a04e059a7c377c0a86161b1e6ba63d9196948fb0401495e01\\"",
      "Type": "String",
    },
    "AssetParametersadb7572fdef6fa8a04e059a7c377c0a86161b1e6ba63d9196948fb0401495e01S3BucketAF8A6DA9": Object {
      "Description": "S3 bucket for asset \\"adb7572fdef6fa8a04e059a7c377c0a86161b1e6ba63d9196948fb0401495e01\\"",
      "Type": "String",
    },
    "AssetParametersadb7572fdef6fa8a04e059a7c377c0a86161b1e6ba63d9196948fb0401495e01S3VersionKey1C6343E0": Object {
      "Description": "S3 key for asset version \\"adb7572fdef6fa8a04e059a7c377c0a86161b1e6ba63d9196948fb0401495e01\\"",
      "Type": "String",
    },
    "AssetParameterscfb0b3e36d188fcd58d6599faafd4e1b7e643afae69dc7097bff189982174c53ArtifactHash25FC054E": Object {
      "Description": "Artifact hash for asset \\"cfb0b3e36d188fcd58d6599faafd4e1b7e643afae69dc7097bff189982174c53\\"",
      "Type": "String",
    },
    "AssetParameterscfb0b3e36d188fcd58d6599faafd4e1b7e643afae69dc7097bff189982174c53S3Bucket2EEA365E": Object {
      "Description": "S3 bucket for asset \\"cfb0b3e36d188fcd58d6599faafd4e1b7e643afae69dc7097bff189982174c53\\"",
      "Type": "String",
    },
    "AssetParameterscfb0b3e36d188fcd58d6599faafd4e1b7e643afae69dc7097bff189982174c53S3VersionKeyEAE4C255": Object {
      "Description": "S3 key for asset version \\"cfb0b3e36d188fcd58d6599faafd4e1b7e643afae69dc7097bff189982174c53\\"",
      "Type": "String",
    },
  },
  "Resources": Object {
    "ApiAccountA18C9B29": Object {
      "DependsOn": Array [
        "ApiF70053CD",
      ],
      "Properties": Object {
        "CloudWatchRoleArn": Object {
          "Fn::GetAtt": Array [
            "ApiCloudWatchRole73EC6FC4",
            "Arn",
          ],
        },
      },
      "Type": "AWS::ApiGateway::Account",
    },
    "ApiCloudWatchRole73EC6FC4": Object {
      "Properties": Object {
        "AssumeRolePolicyDocument": Object {
          "Statement": Array [
            Object {
              "Action": "sts:AssumeRole",
              "Effect": "Allow",
              "Principal": Object {
                "Service": "apigateway.amazonaws.com",
              },
            },
          ],
          "Version": "2012-10-17",
        },
        "ManagedPolicyArns": Array [
          Object {
            "Fn::Join": Array [
              "",
              Array [
                "arn:",
                Object {
                  "Ref": "AWS::Partition",
                },
                ":iam::aws:policy/service-role/AmazonAPIGatewayPushToCloudWatchLogs",
              ],
            ],
          },
        ],
      },
      "Type": "AWS::IAM::Role",
    },
    "ApiDeploymentB17BE62Da3923567fd07ac816025dbade32b3aa3": Object {
      "DependsOn": Array [
        "ApiGET9257B917",
      ],
      "Properties": Object {
        "Description": "Automatically created by the RestApi construct",
        "RestApiId": Object {
          "Ref": "ApiF70053CD",
        },
      },
      "Type": "AWS::ApiGateway::Deployment",
    },
    "ApiDeploymentStageprod3EB9684E": Object {
      "Properties": Object {
        "DeploymentId": Object {
          "Ref": "ApiDeploymentB17BE62Da3923567fd07ac816025dbade32b3aa3",
        },
        "RestApiId": Object {
          "Ref": "ApiF70053CD",
        },
        "StageName": "prod",
      },
      "Type": "AWS::ApiGateway::Stage",
    },
    "ApiF70053CD": Object {
      "Properties": Object {
        "Name": "Api",
      },
      "Type": "AWS::ApiGateway::RestApi",
    },
    "ApiGET9257B917": Object {
      "Properties": Object {
        "AuthorizationType": "CUSTOM",
        "AuthorizerId": Object {
          "Ref": "AuthorizerBD825682",
        },
        "HttpMethod": "GET",
        "Integration": Object {
          "IntegrationHttpMethod": "POST",
          "Type": "AWS_PROXY",
          "Uri": Object {
            "Fn::Join": Array [
              "",
              Array [
                "arn:",
                Object {
                  "Ref": "AWS::Partition",
                },
                ":apigateway:ap-northeast-1:lambda:path/2015-03-31/functions/",
                Object {
                  "Fn::GetAtt": Array [
                    "Fn9270CBC0",
                    "Arn",
                  ],
                },
                "/invocations",
              ],
            ],
          },
        },
        "ResourceId": Object {
          "Fn::GetAtt": Array [
            "ApiF70053CD",
            "RootResourceId",
          ],
        },
        "RestApiId": Object {
          "Ref": "ApiF70053CD",
        },
      },
      "Type": "AWS::ApiGateway::Method",
    },
    "ApiGETApiPermissionMyTestStackApi4E22822FGET4631A19C": Object {
      "Properties": Object {
        "Action": "lambda:InvokeFunction",
        "FunctionName": Object {
          "Fn::GetAtt": Array [
            "Fn9270CBC0",
            "Arn",
          ],
        },
        "Principal": "apigateway.amazonaws.com",
        "SourceArn": Object {
          "Fn::Join": Array [
            "",
            Array [
              "arn:",
              Object {
                "Ref": "AWS::Partition",
              },
              ":execute-api:ap-northeast-1:",
              Object {
                "Ref": "AWS::AccountId",
              },
              ":",
              Object {
                "Ref": "ApiF70053CD",
              },
              "/",
              Object {
                "Ref": "ApiDeploymentStageprod3EB9684E",
              },
              "/GET/",
            ],
          ],
        },
      },
      "Type": "AWS::Lambda::Permission",
    },
    "ApiGETApiPermissionTestMyTestStackApi4E22822FGETF9D7F565": Object {
      "Properties": Object {
        "Action": "lambda:InvokeFunction",
        "FunctionName": Object {
          "Fn::GetAtt": Array [
            "Fn9270CBC0",
            "Arn",
          ],
        },
        "Principal": "apigateway.amazonaws.com",
        "SourceArn": Object {
          "Fn::Join": Array [
            "",
            Array [
              "arn:",
              Object {
                "Ref": "AWS::Partition",
              },
              ":execute-api:ap-northeast-1:",
              Object {
                "Ref": "AWS::AccountId",
              },
              ":",
              Object {
                "Ref": "ApiF70053CD",
              },
              "/test-invoke-stage/GET/",
            ],
          ],
        },
      },
      "Type": "AWS::Lambda::Permission",
    },
    "AuthorizerBD825682": Object {
      "Properties": Object {
        "AuthorizerUri": Object {
          "Fn::Join": Array [
            "",
            Array [
              "arn:aws:apigateway:ap-northeast-1:lambda:path/2015-03-31/functions/",
              Object {
                "Fn::GetAtt": Array [
                  "AuthorizerLambda972EEEAB",
                  "Arn",
                ],
              },
              "/invocations",
            ],
          ],
        },
        "IdentitySource": "method.request.header.Authorization",
        "IdentityValidationExpression": "^Bearer [-0-9a-zA-Z._]*$",
        "Name": "MyTestStackAuthorizer380AD148",
        "RestApiId": Object {
          "Ref": "ApiF70053CD",
        },
        "Type": "TOKEN",
      },
      "Type": "AWS::ApiGateway::Authorizer",
    },
    "AuthorizerLambda972EEEAB": Object {
      "DependsOn": Array [
        "AuthorizerLambdaServiceRole30885946",
      ],
      "Properties": Object {
        "Code": Object {
          "S3Bucket": Object {
            "Ref": "AssetParametersadb7572fdef6fa8a04e059a7c377c0a86161b1e6ba63d9196948fb0401495e01S3BucketAF8A6DA9",
          },
          "S3Key": Object {
            "Fn::Join": Array [
              "",
              Array [
                Object {
                  "Fn::Select": Array [
                    0,
                    Object {
                      "Fn::Split": Array [
                        "||",
                        Object {
                          "Ref": "AssetParametersadb7572fdef6fa8a04e059a7c377c0a86161b1e6ba63d9196948fb0401495e01S3VersionKey1C6343E0",
                        },
                      ],
                    },
                  ],
                },
                Object {
                  "Fn::Select": Array [
                    1,
                    Object {
                      "Fn::Split": Array [
                        "||",
                        Object {
                          "Ref": "AssetParametersadb7572fdef6fa8a04e059a7c377c0a86161b1e6ba63d9196948fb0401495e01S3VersionKey1C6343E0",
                        },
                      ],
                    },
                  ],
                },
              ],
            ],
          },
        },
        "Description": "For custom authorizer",
        "Environment": Object {
          "Variables": Object {
            "audience": "dummy",
            "issuer": "dummy",
            "jwksUri": "dummy",
          },
        },
        "Handler": "handler-authorizer-auth.handler",
        "Layers": Array [
          Object {
            "Ref": "NodeModulesLayer29E0D577",
          },
        ],
        "Role": Object {
          "Fn::GetAtt": Array [
            "AuthorizerLambdaServiceRole30885946",
            "Arn",
          ],
        },
        "Runtime": "nodejs12.x",
      },
      "Type": "AWS::Lambda::Function",
    },
    "AuthorizerLambdaMyTestStackAuthorizer380AD148Permissions0B732C5E": Object {
      "Properties": Object {
        "Action": "lambda:InvokeFunction",
        "FunctionName": Object {
          "Fn::GetAtt": Array [
            "AuthorizerLambda972EEEAB",
            "Arn",
          ],
        },
        "Principal": "apigateway.amazonaws.com",
        "SourceArn": Object {
          "Fn::Join": Array [
            "",
            Array [
              "arn:",
              Object {
                "Ref": "AWS::Partition",
              },
              ":execute-api:ap-northeast-1:",
              Object {
                "Ref": "AWS::AccountId",
              },
              ":",
              Object {
                "Ref": "ApiF70053CD",
              },
              "/authorizers/",
              Object {
                "Ref": "AuthorizerBD825682",
              },
            ],
          ],
        },
      },
      "Type": "AWS::Lambda::Permission",
    },
    "AuthorizerLambdaServiceRole30885946": Object {
      "Properties": Object {
        "AssumeRolePolicyDocument": Object {
          "Statement": Array [
            Object {
              "Action": "sts:AssumeRole",
              "Effect": "Allow",
              "Principal": Object {
                "Service": "lambda.amazonaws.com",
              },
            },
          ],
          "Version": "2012-10-17",
        },
        "ManagedPolicyArns": Array [
          Object {
            "Fn::Join": Array [
              "",
              Array [
                "arn:",
                Object {
                  "Ref": "AWS::Partition",
                },
                ":iam::aws:policy/service-role/AWSLambdaBasicExecutionRole",
              ],
            ],
          },
        ],
      },
      "Type": "AWS::IAM::Role",
    },
    "Fn9270CBC0": Object {
      "DependsOn": Array [
        "FnServiceRoleB9001A96",
      ],
      "Properties": Object {
        "Code": Object {
          "S3Bucket": Object {
            "Ref": "AssetParameterscfb0b3e36d188fcd58d6599faafd4e1b7e643afae69dc7097bff189982174c53S3Bucket2EEA365E",
          },
          "S3Key": Object {
            "Fn::Join": Array [
              "",
              Array [
                Object {
                  "Fn::Select": Array [
                    0,
                    Object {
                      "Fn::Split": Array [
                        "||",
                        Object {
                          "Ref": "AssetParameterscfb0b3e36d188fcd58d6599faafd4e1b7e643afae69dc7097bff189982174c53S3VersionKeyEAE4C255",
                        },
                      ],
                    },
                  ],
                },
                Object {
                  "Fn::Select": Array [
                    1,
                    Object {
                      "Fn::Split": Array [
                        "||",
                        Object {
                          "Ref": "AssetParameterscfb0b3e36d188fcd58d6599faafd4e1b7e643afae69dc7097bff189982174c53S3VersionKeyEAE4C255",
                        },
                      ],
                    },
                  ],
                },
              ],
            ],
          },
        },
        "Handler": "index.handler",
        "Layers": Array [
          Object {
            "Ref": "NodeModulesLayer29E0D577",
          },
        ],
        "Role": Object {
          "Fn::GetAtt": Array [
            "FnServiceRoleB9001A96",
            "Arn",
          ],
        },
        "Runtime": "nodejs12.x",
      },
      "Type": "AWS::Lambda::Function",
    },
    "FnServiceRoleB9001A96": Object {
      "Properties": Object {
        "AssumeRolePolicyDocument": Object {
          "Statement": Array [
            Object {
              "Action": "sts:AssumeRole",
              "Effect": "Allow",
              "Principal": Object {
                "Service": "lambda.amazonaws.com",
              },
            },
          ],
          "Version": "2012-10-17",
        },
        "ManagedPolicyArns": Array [
          Object {
            "Fn::Join": Array [
              "",
              Array [
                "arn:",
                Object {
                  "Ref": "AWS::Partition",
                },
                ":iam::aws:policy/service-role/AWSLambdaBasicExecutionRole",
              ],
            ],
          },
        ],
      },
      "Type": "AWS::IAM::Role",
    },
    "NodeModulesLayer29E0D577": Object {
      "Properties": Object {
        "CompatibleRuntimes": Array [
          "nodejs12.x",
        ],
        "Content": Object {
          "S3Bucket": Object {
            "Ref": "AssetParameters220fbe5d525188cf85678de1c32d54c7d09779130a54c8c6f84f8763edbfd3f2S3Bucket1C935D62",
          },
          "S3Key": Object {
            "Fn::Join": Array [
              "",
              Array [
                Object {
                  "Fn::Select": Array [
                    0,
                    Object {
                      "Fn::Split": Array [
                        "||",
                        Object {
                          "Ref": "AssetParameters220fbe5d525188cf85678de1c32d54c7d09779130a54c8c6f84f8763edbfd3f2S3VersionKey9CD467DD",
                        },
                      ],
                    },
                  ],
                },
                Object {
                  "Fn::Select": Array [
                    1,
                    Object {
                      "Fn::Split": Array [
                        "||",
                        Object {
                          "Ref": "AssetParameters220fbe5d525188cf85678de1c32d54c7d09779130a54c8c6f84f8763edbfd3f2S3VersionKey9CD467DD",
                        },
                      ],
                    },
                  ],
                },
              ],
            ],
          },
        },
        "Description": "Node.js modules layer",
      },
      "Type": "AWS::Lambda::LayerVersion",
    },
  },
}
`;
